ok  	github.com/sneat-dev/wb/ai	0.267s	coverage: [no statements]
ok  	github.com/sneat-dev/wb/api/githubapp	0.916s	coverage: 98.5% of statements
ok  	github.com/sneat-dev/wb/api/githubapp/dalgostore	0.510s	coverage: 100.0% of statements
ok  	github.com/sneat-dev/wb/api/githubapp/machinesnapshot	0.742s	coverage: 100.0% of statements
ok  	github.com/sneat-dev/wb/api/githubapp/repositoryevent	0.965s	coverage: 100.0% of statements
ok  	github.com/sneat-dev/wb/cmd/wb	395.216s	coverage: 71.8% of statements
ok  	github.com/sneat-dev/wb/hub	0.695s	coverage: 100.0% of statements
ok  	github.com/sneat-dev/wb/hub/narrate	4.110s	coverage: 100.0% of statements
ok  	github.com/sneat-dev/wb/hub/poller	1.153s	coverage: 100.0% of statements
ok  	github.com/sneat-dev/wb/hub/web	1.355s	coverage: 100.0% of statements
ok  	github.com/sneat-dev/wb/internal/agentguard	17.951s	coverage: 99.6% of statements
ok  	github.com/sneat-dev/wb/internal/agents	48.060s	coverage: 93.6% of statements
ok  	github.com/sneat-dev/wb/internal/archiveprune	97.767s	coverage: 93.3% of statements
ok  	github.com/sneat-dev/wb/internal/buildinfo	2.054s	coverage: 100.0% of statements
ok  	github.com/sneat-dev/wb/internal/canonicalrescue	42.086s	coverage: 98.7% of statements
ok  	github.com/sneat-dev/wb/internal/checkoutmarker	2.415s	coverage: 97.5% of statements
ok  	github.com/sneat-dev/wb/internal/ciaudit	11.419s	coverage: 99.7% of statements
ok  	github.com/sneat-dev/wb/internal/console	1.823s	coverage: 100.0% of statements
--- FAIL: TestDqCovNewServiceRejectsUnusableOperationStore (0.03s)
    --- FAIL: TestDqCovNewServiceRejectsUnusableOperationStore/projects_root_is_a_file (0.01s)
        dqcov_service_test.go:150: NewService(file) = resolve WB home for daemon runtime: not a directory
    --- FAIL: TestDqCovNewServiceRejectsUnusableOperationStore/unreadable_store (0.01s)
        dqcov_service_test.go:168: NewService with an unreadable store = <nil>
    --- FAIL: TestDqCovNewServiceRejectsUnusableOperationStore/running_operation_cannot_be_fenced (0.02s)
        dqcov_service_test.go:186: NewService with a read-only store = <nil>
--- FAIL: TestDqCovNewServiceReportsCorruptDurableRecords (0.03s)
    --- FAIL: TestDqCovNewServiceReportsCorruptDurableRecords/unreadable_operation (0.01s)
        dqcov_service_test.go:233: NewService accepted secret.json
    --- FAIL: TestDqCovNewServiceReportsCorruptDurableRecords/corrupt_json (0.01s)
        dqcov_service_test.go:236: NewService accepted broken.json
    --- FAIL: TestDqCovNewServiceReportsCorruptDurableRecords/incomplete_schema (0.00s)
        dqcov_service_test.go:239: NewService accepted old.json
--- FAIL: TestDqCovNewServiceRebuildsWorkerTargetIdentity (0.02s)
    --- FAIL: TestDqCovNewServiceRebuildsWorkerTargetIdentity/target_recovered_from_the_operation (0.01s)
        dqcov_service_test.go:255: worker received no assignment
    --- FAIL: TestDqCovNewServiceRebuildsWorkerTargetIdentity/conflicting_identities (0.00s)
        dqcov_service_test.go:269: conflicting target identities = <nil>
    --- FAIL: TestDqCovNewServiceRebuildsWorkerTargetIdentity/invalid_target_is_quarantined (0.00s)
        dqcov_service_test.go:285: not_found: operation not found
    --- FAIL: TestDqCovNewServiceRebuildsWorkerTargetIdentity/quarantine_is_not_durable (0.00s)
        dqcov_service_test.go:300: NewService with an unwritable quarantine = <nil>
    --- FAIL: TestDqCovNewServiceRebuildsWorkerTargetIdentity/idempotency_digest_is_rebuilt (0.00s)
        dqcov_service_test.go:316: rebuilt record = (*daemon.record)(nil)
--- FAIL: TestDqCovNewServiceFencesQueuedOperationWhenPersistFails (0.00s)
    --- FAIL: TestDqCovNewServiceFencesQueuedOperationWhenPersistFails/running_transition (0.00s)
        dqcov_service_test.go:334: NewService with an unfenceable running record = <nil>
    --- FAIL: TestDqCovNewServiceFencesQueuedOperationWhenPersistFails/revoked_raw_authorization (0.00s)
        dqcov_service_test.go:345: NewService with an unwritable revocation = <nil>
--- FAIL: TestDqCovExecuteFailsWhenTheCPUBudgetDirectoryIsUnusable (0.00s)
    dqcov_service_test.go:572: internal: open /var/folders/c6/pty228l52dx19k5xfxjz1ztr0000gn/T/TestDqCovExecuteFailsWhenTheCPUBudgetDirectoryIsUnusable635329834/001/.wb/runtime/cpu: no such file or directory
FAIL
coverage: 94.4% of statements
FAIL	github.com/sneat-dev/wb/internal/daemon	9.760s
ok  	github.com/sneat-dev/wb/internal/dashboard	3.410s	coverage: 100.0% of statements
ok  	github.com/sneat-dev/wb/internal/deps	175.779s	coverage: 99.1% of statements
ok  	github.com/sneat-dev/wb/internal/discover	51.450s	coverage: 96.5% of statements
ok  	github.com/sneat-dev/wb/internal/diskusage	3.176s	coverage: 96.5% of statements
ok  	github.com/sneat-dev/wb/internal/encode	4.560s	coverage: 100.0% of statements
ok  	github.com/sneat-dev/wb/internal/envguard	14.167s	coverage: 97.8% of statements
ok  	github.com/sneat-dev/wb/internal/fleetsync	47.286s	coverage: 98.0% of statements
ok  	github.com/sneat-dev/wb/internal/gen/wb/daemon/v1	4.134s	coverage: 100.0% of statements
ok  	github.com/sneat-dev/wb/internal/gen/wb/daemon/v1/daemonv1connect	4.881s	coverage: 100.0% of statements
ok  	github.com/sneat-dev/wb/internal/githubobserver	13.510s	coverage: 97.6% of statements
ok  	github.com/sneat-dev/wb/internal/gitops	98.969s	coverage: 100.0% of statements
ok  	github.com/sneat-dev/wb/internal/gitremote	4.635s	coverage: 100.0% of statements
ok  	github.com/sneat-dev/wb/internal/graduation	4.286s	coverage: 100.0% of statements
ok  	github.com/sneat-dev/wb/internal/hooks	113.478s	coverage: 95.0% of statements
ok  	github.com/sneat-dev/wb/internal/hostload	11.177s	coverage: 99.1% of statements
ok  	github.com/sneat-dev/wb/internal/hubconfig	2.732s	coverage: 100.0% of statements
ok  	github.com/sneat-dev/wb/internal/hubstore	2.918s	coverage: 100.0% of statements
ok  	github.com/sneat-dev/wb/internal/landinglane	2.510s	coverage: 100.0% of statements
ok  	github.com/sneat-dev/wb/internal/layout	4.617s	coverage: 97.2% of statements
ok  	github.com/sneat-dev/wb/internal/lifecyclehooks	10.171s	coverage: 95.9% of statements
ok  	github.com/sneat-dev/wb/internal/locallink	60.804s	coverage: 95.5% of statements
ok  	github.com/sneat-dev/wb/internal/mergeack	3.095s	coverage: 93.6% of statements
ok  	github.com/sneat-dev/wb/internal/migrate	107.823s	coverage: 97.4% of statements
ok  	github.com/sneat-dev/wb/internal/npmrelease	19.125s	coverage: 98.8% of statements
ok  	github.com/sneat-dev/wb/internal/orchestrate	1109.330s	coverage: 79.5% of statements
ok  	github.com/sneat-dev/wb/internal/policy	2.472s	coverage: 99.3% of statements
ok  	github.com/sneat-dev/wb/internal/prinventory	5.821s	coverage: 100.0% of statements
ok  	github.com/sneat-dev/wb/internal/prmeta	1.775s	coverage: 91.7% of statements
ok  	github.com/sneat-dev/wb/internal/process	2.725s	coverage: 100.0% of statements
ok  	github.com/sneat-dev/wb/internal/progress	1.918s	coverage: 100.0% of statements
ok  	github.com/sneat-dev/wb/internal/quality	100.754s	coverage: 96.9% of statements
ok  	github.com/sneat-dev/wb/internal/recipe	8.229s	coverage: 98.9% of statements
ok  	github.com/sneat-dev/wb/internal/remotessh	2.147s	coverage: 100.0% of statements
ok  	github.com/sneat-dev/wb/internal/remotestate	2.315s	coverage: 100.0% of statements
ok  	github.com/sneat-dev/wb/internal/remotestate/gitrepo	143.296s	coverage: 98.7% of statements
ok  	github.com/sneat-dev/wb/internal/remotestate/hub	2.431s	coverage: 99.5% of statements
ok  	github.com/sneat-dev/wb/internal/repositoryevents	12.263s	coverage: 97.3% of statements
ok  	github.com/sneat-dev/wb/internal/runlog	21.971s	coverage: 98.3% of statements
ok  	github.com/sneat-dev/wb/internal/runqueue	1.773s	coverage: 97.5% of statements
ok  	github.com/sneat-dev/wb/internal/scan	2.334s	coverage: 100.0% of statements
ok  	github.com/sneat-dev/wb/internal/secretscan	2.404s	coverage: 100.0% of statements
ok  	github.com/sneat-dev/wb/internal/session	7.652s	coverage: 89.9% of statements
ok  	github.com/sneat-dev/wb/internal/sessionauthority	1.919s	coverage: 100.0% of statements
ok  	github.com/sneat-dev/wb/internal/sessioncourier	11.089s	coverage: 98.8% of statements
ok  	github.com/sneat-dev/wb/internal/sessioncustody	2.956s	coverage: 92.0% of statements
ok  	github.com/sneat-dev/wb/internal/sessionlaunch	61.090s	coverage: 94.5% of statements
ok  	github.com/sneat-dev/wb/internal/sessionmessage	5.796s	coverage: 97.2% of statements
ok  	github.com/sneat-dev/wb/internal/sessionmessenger	4.070s	coverage: 97.6% of statements
ok  	github.com/sneat-dev/wb/internal/sessionmove	24.197s	coverage: 91.2% of statements
ok  	github.com/sneat-dev/wb/internal/sessionpark	10.355s	coverage: 93.8% of statements
ok  	github.com/sneat-dev/wb/internal/sessionparkcourier	4.364s	coverage: 100.0% of statements
ok  	github.com/sneat-dev/wb/internal/sessionparkreceive	20.752s	coverage: 96.7% of statements
ok  	github.com/sneat-dev/wb/internal/sessionreceive	48.084s	coverage: 97.6% of statements
ok  	github.com/sneat-dev/wb/internal/streambranch	2.486s	coverage: 100.0% of statements
ok  	github.com/sneat-dev/wb/internal/streams	56.568s	coverage: 96.9% of statements
ok  	github.com/sneat-dev/wb/internal/streamsync	40.408s	coverage: 98.2% of statements
ok  	github.com/sneat-dev/wb/internal/syncreport	8.646s	coverage: 100.0% of statements
ok  	github.com/sneat-dev/wb/internal/taskoffload	1.967s	coverage: 97.5% of statements
ok  	github.com/sneat-dev/wb/internal/testenv	1.683s	coverage: 91.7% of statements
ok  	github.com/sneat-dev/wb/internal/tui	1.714s	coverage: 100.0% of statements
ok  	github.com/sneat-dev/wb/internal/unixcompat	2.260s	coverage: 100.0% of statements
ok  	github.com/sneat-dev/wb/internal/wbconfig	2.455s	coverage: 85.3% of statements
ok  	github.com/sneat-dev/wb/internal/wbhome	2.087s	coverage: 96.4% of statements
ok  	github.com/sneat-dev/wb/internal/worktreeend	1.375s	coverage: 100.0% of statements
FAIL
